------------------------------------------------------------
Timing Analyzer Summary
------------------------------------------------------------

Type  : Slow 1200mV 85C Model Setup 'fifty_mhz_1hz_2hz:one_hz|one_hz_clk_out'
Slack : -3.627
TNS   : -18.755

Type  : Slow 1200mV 85C Model Setup 'CLK_FPGA'
Slack : -3.226
TNS   : -194.311

Type  : Slow 1200mV 85C Model Setup 'SW_9'
Slack : -1.281
TNS   : -14.658

Type  : Slow 1200mV 85C Model Setup 'fifty_mhz_1hz_2hz:one_hz|two_hz_clk_out'
Slack : -1.114
TNS   : -3.102

Type  : Slow 1200mV 85C Model Hold 'SW_9'
Slack : 0.377
TNS   : 0.000

Type  : Slow 1200mV 85C Model Hold 'fifty_mhz_1hz_2hz:one_hz|one_hz_clk_out'
Slack : 0.378
TNS   : 0.000

Type  : Slow 1200mV 85C Model Hold 'fifty_mhz_1hz_2hz:one_hz|two_hz_clk_out'
Slack : 0.378
TNS   : 0.000

Type  : Slow 1200mV 85C Model Hold 'CLK_FPGA'
Slack : 0.505
TNS   : 0.000

Type  : Slow 1200mV 85C Model Minimum Pulse Width 'CLK_FPGA'
Slack : -3.000
TNS   : -104.016

Type  : Slow 1200mV 85C Model Minimum Pulse Width 'SW_9'
Slack : -3.000
TNS   : -26.851

Type  : Slow 1200mV 85C Model Minimum Pulse Width 'fifty_mhz_1hz_2hz:one_hz|one_hz_clk_out'
Slack : -1.403
TNS   : -9.821

Type  : Slow 1200mV 85C Model Minimum Pulse Width 'fifty_mhz_1hz_2hz:one_hz|two_hz_clk_out'
Slack : -1.403
TNS   : -4.209

Type  : Slow 1200mV 0C Model Setup 'fifty_mhz_1hz_2hz:one_hz|one_hz_clk_out'
Slack : -3.194
TNS   : -16.465

Type  : Slow 1200mV 0C Model Setup 'CLK_FPGA'
Slack : -2.906
TNS   : -174.792

Type  : Slow 1200mV 0C Model Setup 'SW_9'
Slack : -1.083
TNS   : -11.129

Type  : Slow 1200mV 0C Model Setup 'fifty_mhz_1hz_2hz:one_hz|two_hz_clk_out'
Slack : -1.000
TNS   : -2.772

Type  : Slow 1200mV 0C Model Hold 'SW_9'
Slack : 0.249
TNS   : 0.000

Type  : Slow 1200mV 0C Model Hold 'fifty_mhz_1hz_2hz:one_hz|one_hz_clk_out'
Slack : 0.339
TNS   : 0.000

Type  : Slow 1200mV 0C Model Hold 'fifty_mhz_1hz_2hz:one_hz|two_hz_clk_out'
Slack : 0.339
TNS   : 0.000

Type  : Slow 1200mV 0C Model Hold 'CLK_FPGA'
Slack : 0.455
TNS   : 0.000

Type  : Slow 1200mV 0C Model Minimum Pulse Width 'CLK_FPGA'
Slack : -3.000
TNS   : -104.016

Type  : Slow 1200mV 0C Model Minimum Pulse Width 'SW_9'
Slack : -3.000
TNS   : -26.851

Type  : Slow 1200mV 0C Model Minimum Pulse Width 'fifty_mhz_1hz_2hz:one_hz|one_hz_clk_out'
Slack : -1.403
TNS   : -9.821

Type  : Slow 1200mV 0C Model Minimum Pulse Width 'fifty_mhz_1hz_2hz:one_hz|two_hz_clk_out'
Slack : -1.403
TNS   : -4.209

Type  : Fast 1200mV 0C Model Setup 'fifty_mhz_1hz_2hz:one_hz|one_hz_clk_out'
Slack : -1.105
TNS   : -7.688

Type  : Fast 1200mV 0C Model Setup 'CLK_FPGA'
Slack : -0.768
TNS   : -38.389

Type  : Fast 1200mV 0C Model Setup 'fifty_mhz_1hz_2hz:one_hz|two_hz_clk_out'
Slack : -0.497
TNS   : -1.405

Type  : Fast 1200mV 0C Model Setup 'SW_9'
Slack : -0.273
TNS   : -1.413

Type  : Fast 1200mV 0C Model Hold 'fifty_mhz_1hz_2hz:one_hz|one_hz_clk_out'
Slack : 0.166
TNS   : 0.000

Type  : Fast 1200mV 0C Model Hold 'fifty_mhz_1hz_2hz:one_hz|two_hz_clk_out'
Slack : 0.166
TNS   : 0.000

Type  : Fast 1200mV 0C Model Hold 'CLK_FPGA'
Slack : 0.178
TNS   : 0.000

Type  : Fast 1200mV 0C Model Hold 'SW_9'
Slack : 0.263
TNS   : 0.000

Type  : Fast 1200mV 0C Model Minimum Pulse Width 'CLK_FPGA'
Slack : -3.000
TNS   : -87.593

Type  : Fast 1200mV 0C Model Minimum Pulse Width 'SW_9'
Slack : -3.000
TNS   : -26.839

Type  : Fast 1200mV 0C Model Minimum Pulse Width 'fifty_mhz_1hz_2hz:one_hz|one_hz_clk_out'
Slack : -1.000
TNS   : -7.000

Type  : Fast 1200mV 0C Model Minimum Pulse Width 'fifty_mhz_1hz_2hz:one_hz|two_hz_clk_out'
Slack : -1.000
TNS   : -3.000

------------------------------------------------------------
